
> waittime-frontend@1.0.0 test:unit
> vitest run --run

[33mThe CJS build of Vite's Node API is deprecated. See https://vite.dev/guide/troubleshooting.html#vite-cjs-node-api-deprecated for more details.[39m

 RUN  v1.6.1 /home/jer/localsync/waittimecanada/frontend

stderr | tests/api/trends.test.ts > Trends API > handles database errors
Failed to fetch trends: Error: DB Connection failed
    at /home/jer/localsync/waittimecanada/frontend/tests/api/trends.test.ts:50:31
    at file:///home/jer/localsync/waittimecanada/frontend/node_modules/@vitest/runner/dist/index.js:135:14
    at file:///home/jer/localsync/waittimecanada/frontend/node_modules/@vitest/runner/dist/index.js:60:26
    at runTest (file:///home/jer/localsync/waittimecanada/frontend/node_modules/@vitest/runner/dist/index.js:781:17)
    at runSuite (file:///home/jer/localsync/waittimecanada/frontend/node_modules/@vitest/runner/dist/index.js:909:15)
    at runSuite (file:///home/jer/localsync/waittimecanada/frontend/node_modules/@vitest/runner/dist/index.js:909:15)
    at runFiles (file:///home/jer/localsync/waittimecanada/frontend/node_modules/@vitest/runner/dist/index.js:958:5)
    at startTests (file:///home/jer/localsync/waittimecanada/frontend/node_modules/@vitest/runner/dist/index.js:967:3)
    at file:///home/jer/localsync/waittimecanada/frontend/node_modules/vitest/dist/chunks/runtime-runBaseTests.oAvMKtQC.js:116:7
    at withEnv (file:///home/jer/localsync/waittimecanada/frontend/node_modules/vitest/dist/chunks/runtime-runBaseTests.oAvMKtQC.js:83:5)

 ✓ tests/api/trends.test.ts  (3 tests) 33ms
 ✓ tests/utils/distance.test.ts  (2 tests) 6ms
 ✓ tests/utils/comparability.test.ts  (14 tests) 11ms
 ✓ tests/api/compare.test.ts  (5 tests) 7ms
 ✓ tests/components/DivergenceWarning.test.tsx  (10 tests) 166ms
 ✓ tests/components/FAQAccordion.test.tsx  (4 tests) 159ms
 ✓ tests/pages/faq.test.tsx  (3 tests) 187ms
 ✓ tests/components/StructuredData.test.tsx  (4 tests) 186ms
 ✓ tests/components/InstallPrompt.test.tsx  (3 tests) 154ms
stderr | tests/components/InstallPrompt.test.tsx > InstallPrompt Component > calls prompt() when install button clicked
Warning: An update to InstallPrompt inside a test was not wrapped in act(...).

When testing, code that causes React state updates should be wrapped into act(...):

act(() => {
  /* fire events that update state */
});
/* assert on the output */

This ensures that you're testing the behavior the user would see in the browser. Learn more at https://reactjs.org/link/wrap-tests-with-act
    at InstallPrompt (/home/jer/localsync/waittimecanada/frontend/components/InstallPrompt.tsx:7:69)
Warning: An update to InstallPrompt inside a test was not wrapped in act(...).

When testing, code that causes React state updates should be wrapped into act(...):

act(() => {
  /* fire events that update state */
});
/* assert on the output */

This ensures that you're testing the behavior the user would see in the browser. Learn more at https://reactjs.org/link/wrap-tests-with-act
    at InstallPrompt (/home/jer/localsync/waittimecanada/frontend/components/InstallPrompt.tsx:7:69)

 ✓ tests/api/admin/unverified.test.ts  (3 tests) 52ms
stderr | tests/api/admin/unverified.test.ts > GET /api/admin/hospitals/unverified > should handle database errors
Failed to fetch unverified hospitals: Error: Database connection failed
    at /home/jer/localsync/waittimecanada/frontend/tests/api/admin/unverified.test.ts:70:33
    at file:///home/jer/localsync/waittimecanada/frontend/node_modules/@vitest/runner/dist/index.js:135:14
    at file:///home/jer/localsync/waittimecanada/frontend/node_modules/@vitest/runner/dist/index.js:60:26
    at runTest (file:///home/jer/localsync/waittimecanada/frontend/node_modules/@vitest/runner/dist/index.js:781:17)
    at runSuite (file:///home/jer/localsync/waittimecanada/frontend/node_modules/@vitest/runner/dist/index.js:909:15)
    at runSuite (file:///home/jer/localsync/waittimecanada/frontend/node_modules/@vitest/runner/dist/index.js:909:15)
    at runFiles (file:///home/jer/localsync/waittimecanada/frontend/node_modules/@vitest/runner/dist/index.js:958:5)
    at startTests (file:///home/jer/localsync/waittimecanada/frontend/node_modules/@vitest/runner/dist/index.js:967:3)
    at file:///home/jer/localsync/waittimecanada/frontend/node_modules/vitest/dist/chunks/runtime-runBaseTests.oAvMKtQC.js:116:7
    at withEnv (file:///home/jer/localsync/waittimecanada/frontend/node_modules/vitest/dist/chunks/runtime-runBaseTests.oAvMKtQC.js:83:5)

stderr | tests/components/TrendChart.test.tsx > TrendChart Component > displays error message on failure
Error: Network error
    at /home/jer/localsync/waittimecanada/frontend/tests/components/TrendChart.test.tsx:64:36
    at file:///home/jer/localsync/waittimecanada/frontend/node_modules/@vitest/runner/dist/index.js:135:14
    at file:///home/jer/localsync/waittimecanada/frontend/node_modules/@vitest/runner/dist/index.js:60:26
    at runTest (file:///home/jer/localsync/waittimecanada/frontend/node_modules/@vitest/runner/dist/index.js:781:17)
    at runSuite (file:///home/jer/localsync/waittimecanada/frontend/node_modules/@vitest/runner/dist/index.js:909:15)
    at runSuite (file:///home/jer/localsync/waittimecanada/frontend/node_modules/@vitest/runner/dist/index.js:909:15)
    at runFiles (file:///home/jer/localsync/waittimecanada/frontend/node_modules/@vitest/runner/dist/index.js:958:5)
    at startTests (file:///home/jer/localsync/waittimecanada/frontend/node_modules/@vitest/runner/dist/index.js:967:3)
    at file:///home/jer/localsync/waittimecanada/frontend/node_modules/vitest/dist/chunks/runtime-runBaseTests.oAvMKtQC.js:116:7
    at withEnv (file:///home/jer/localsync/waittimecanada/frontend/node_modules/vitest/dist/chunks/runtime-runBaseTests.oAvMKtQC.js:83:5)

 ✓ tests/components/ViewToggle.test.tsx  (3 tests) 107ms
 ✓ tests/components/TrendChart.test.tsx  (4 tests) 151ms
 ✓ tests/components/skeletons.test.tsx  (2 tests) 100ms
 ✓ tests/api/admin/verify.test.ts  (7 tests) 96ms
stderr | tests/api/admin/verify.test.ts > POST /api/admin/hospitals/[id]/verify > should handle database errors
Failed to verify hospital: Error: Database error
    at /home/jer/localsync/waittimecanada/frontend/tests/api/admin/verify.test.ts:93:33
    at file:///home/jer/localsync/waittimecanada/frontend/node_modules/@vitest/runner/dist/index.js:135:14
    at file:///home/jer/localsync/waittimecanada/frontend/node_modules/@vitest/runner/dist/index.js:60:26
    at runTest (file:///home/jer/localsync/waittimecanada/frontend/node_modules/@vitest/runner/dist/index.js:781:17)
    at runSuite (file:///home/jer/localsync/waittimecanada/frontend/node_modules/@vitest/runner/dist/index.js:909:15)
    at runSuite (file:///home/jer/localsync/waittimecanada/frontend/node_modules/@vitest/runner/dist/index.js:909:15)
    at runFiles (file:///home/jer/localsync/waittimecanada/frontend/node_modules/@vitest/runner/dist/index.js:958:5)
    at startTests (file:///home/jer/localsync/waittimecanada/frontend/node_modules/@vitest/runner/dist/index.js:967:3)
    at file:///home/jer/localsync/waittimecanada/frontend/node_modules/vitest/dist/chunks/runtime-runBaseTests.oAvMKtQC.js:116:7
    at withEnv (file:///home/jer/localsync/waittimecanada/frontend/node_modules/vitest/dist/chunks/runtime-runBaseTests.oAvMKtQC.js:83:5)

stderr | tests/api/admin/verify.test.ts > DELETE /api/admin/hospitals/[id]/verify > should handle database errors
Failed to reject hospital: Error: Database error
    at /home/jer/localsync/waittimecanada/frontend/tests/api/admin/verify.test.ts:158:33
    at file:///home/jer/localsync/waittimecanada/frontend/node_modules/@vitest/runner/dist/index.js:135:14
    at file:///home/jer/localsync/waittimecanada/frontend/node_modules/@vitest/runner/dist/index.js:60:26
    at runTest (file:///home/jer/localsync/waittimecanada/frontend/node_modules/@vitest/runner/dist/index.js:781:17)
    at runSuite (file:///home/jer/localsync/waittimecanada/frontend/node_modules/@vitest/runner/dist/index.js:909:15)
    at runSuite (file:///home/jer/localsync/waittimecanada/frontend/node_modules/@vitest/runner/dist/index.js:909:15)
    at runFiles (file:///home/jer/localsync/waittimecanada/frontend/node_modules/@vitest/runner/dist/index.js:958:5)
    at startTests (file:///home/jer/localsync/waittimecanada/frontend/node_modules/@vitest/runner/dist/index.js:967:3)
    at file:///home/jer/localsync/waittimecanada/frontend/node_modules/vitest/dist/chunks/runtime-runBaseTests.oAvMKtQC.js:116:7
    at withEnv (file:///home/jer/localsync/waittimecanada/frontend/node_modules/vitest/dist/chunks/runtime-runBaseTests.oAvMKtQC.js:83:5)

stderr | tests/components/ComparisonModal.test.tsx > ComparisonModal > renders loading state initially
Warning: An update to ComparisonModal inside a test was not wrapped in act(...).

When testing, code that causes React state updates should be wrapped into act(...):

act(() => {
  /* fire events that update state */
});
/* assert on the output */

This ensures that you're testing the behavior the user would see in the browser. Learn more at https://reactjs.org/link/wrap-tests-with-act
    at ComparisonModal (/home/jer/localsync/waittimecanada/frontend/components/ComparisonModal.tsx:84:3)
Warning: An update to ComparisonModal inside a test was not wrapped in act(...).

When testing, code that causes React state updates should be wrapped into act(...):

act(() => {
  /* fire events that update state */
});
/* assert on the output */

This ensures that you're testing the behavior the user would see in the browser. Learn more at https://reactjs.org/link/wrap-tests-with-act
    at ComparisonModal (/home/jer/localsync/waittimecanada/frontend/components/ComparisonModal.tsx:84:3)

 ❯ tests/components/Hero.test.tsx  (4 tests | 1 failed) 227ms
   ❯ tests/components/Hero.test.tsx > Hero Component > renders correctly
     → Unable to find an element with the text: /Wait Time Observatory/i. This could be because the text is broken up by multiple elements. In this case, you can provide a function for your text matcher to make your matcher more flexible.

Ignored nodes: comments, script, style
[36m<body>[39m
  [36m<div>[39m
    [36m<section[39m
      [33mclass[39m=[32m"relative py-12 px-4 md:py-16 lg:py-20 overflow-hidden bg-gradient-to-b from-muted/40 via-muted/20 to-transparent"[39m
    [36m>[39m
      [36m<div[39m
        [33mclass[39m=[32m"absolute inset-0 overflow-hidden pointer-events-none"[39m
      [36m>[39m
        [36m<div[39m
          [33mclass[39m=[32m"absolute top-0 left-1/4 w-96 h-96 bg-primary/5 rounded-full blur-3xl"[39m
        [36m/>[39m
        [36m<div[39m
          [33mclass[39m=[32m"absolute bottom-0 right-1/4 w-96 h-96 bg-accent/5 rounded-full blur-3xl"[39m
        [36m/>[39m
      [36m</div>[39m
      [36m<div[39m
        [33mclass[39m=[32m"container max-w-6xl mx-auto flex flex-col lg:flex-row items-center gap-10 lg:gap-16 relative"[39m
      [36m>[39m
        [36m<div[39m
          [33mclass[39m=[32m"flex-1 text-center lg:text-left space-y-6"[39m
        [36m>[39m
          [36m<div[39m
            [33mclass[39m=[32m"inline-flex items-center gap-2 px-4 py-1.5 rounded-full bg-primary/10 text-primary text-sm font-semibold animate-in fade-in slide-in-from-bottom-4 duration-700 border border-primary/20"[39m
          [36m>[39m
            [36m<span[39m
              [33mclass[39m=[32m"relative flex h-2 w-2"[39m
            [36m>[39m
              [36m<span[39m
                [33mclass[39m=[32m"animate-ping absolute inline-flex h-full w-full rounded-full bg-primary opacity-75"[39m
              [36m/>[39m
              [36m<span[39m
                [33mclass[39m=[32m"relative inline-flex rounded-full h-2 w-2 bg-primary"[39m
              [36m/>[39m
            [36m</span>[39m
            [0mReal-Time Ontario ER Data[0m
          [36m</div>[39m
          [36m<h1[39m
            [33mclass[39m=[32m"text-4xl md:text-5xl lg:text-6xl font-bold tracking-tight text-foreground animate-in fade-in slide-in-from-bottom-5 duration-700 delay-100"[39m
          [36m>[39m
            [0mOntario [0m
            [36m<span[39m
              [33mclass[39m=[32m"text-primary"[39m
            [36m>[39m
              [0mER Wait Time[0m
            [36m</span>[39m
            [0m [0m
            [36m<br />[39m
            [0mObservatory[0m
          [36m</h1>[39m
          [36m<p[39m
            [33mclass[39m=[32m"text-lg md:text-xl text-muted-foreground max-w-2xl mx-auto lg:mx-0 animate-in fade-in slide-in-from-bottom-6 duration-700 delay-200 leading-relaxed"[39m
          [36m>[39m
            [0mExplore publicly reported wait time data from official provincial sources. Browse [0m
            [36m<strong[39m
              [33mclass[39m=[32m"text-foreground"[39m
            [36m>[39m
              [0m3[0m
            [36m</strong>[39m
            [0m Ontario hospitals and compare methodologies.[0m
          [36m</p>[39m
          [36m<div[39m
            [33mclass[39m=[32m"flex flex-col sm:flex-row items-center gap-4 justify-center lg:justify-start animate-in fade-in slide-in-from-bottom-7 duration-700 delay-300"[39m
          [36m>[39m
            [36m<button[39m
              [33mclass[39m=[32m"group px-8 py-3.5 bg-primary text-primary-foreground rounded-full font-semibold shadow-lg shadow-primary/25 hover:shadow-xl hover:shadow-primary/30 hover:bg-primary-hover hover:scale-[1.02] transition-all duration-200 active:scale-[0.98]"[39m
            [36m>[39m
              [36m<span[39m
                [33mclass[39m=[32m"flex items-center gap-2"[39m
              [36m>[39m
                [0mExplore Hospitals[0m
                [36m<svg[39m
                  [33mclass[39m=[32m"w-5 h-5 group-hover:translate-x-0.5 transition-transform"[39m
                  [33mfill[39m=[32m"none"[39m
                  [33mstroke[39m=[32m"currentColor"[39m
                  [33mviewBox[39m=[32m"0 0 24 24"[39m
                [36m>[39m
                  [36m<path[39m
                    [33md[39m=[32m"M17 8l4 4m0 0l-4 4m4-4H3"[39m
                    [33mstroke-linecap[39m=[32m"round"[39m
                    [33mstroke-linejoin[39m=[32m"round"[39m
                    [33mstroke-width[39m=[32m"2"[39m
                  [36m/>[39m
                [36m</svg>[39m
              [36m</span>[39m
            [36m</button>[39m
            [36m<a[39m
              [33mclass[39m=[32m"text-muted-foreground hover:text-foreground font-medium flex items-center gap-1.5 transition-colors"[39m
              [33mhref[39m=[32m"/methods"[39m
            [36m>[39m
              [0mUnderstand Methodologies[0m
              [36m<svg[39m
                [33mclass[39m=[32m"w-4 h-4"[39m
                [33mfill[39m=[32m"none"[39m
                [33mstroke[39m=[32m"currentColor"[39m
                [33mviewBox[39m=[32m"0 0 24 24"[39m
              [36m>[39m
                [36m<path[39m
                  [33md[39m=[32m"M9 5l7 7-7 7"[39m
                  [33mstroke-linecap[39m=[32m"round"[39m
                  [33mstroke-linejoin[39m=[32m"round"[39m
                  [33mstroke-width[39m=[32m"2"[39m
                [36m/>[39m
              [36m</svg>[39m
            [36m</a>[39m
          [36m</div>[39m
        [36m</div>[39m
        [36m<div[39m
          [33mclass[39m=[32m"w-full max-w-sm lg:w-[380px] animate-in fade-in slide-in-from-right-8 duration-1000 delay-200"[39m
        [36m>[39m
          [36m<div[39m
            [33mclass[39m=[32m"relative group"[39m
          [36m>[39m
            [36m<div[39m
              [33mclass[39m=[32m"absolute -inset-1 bg-gradient-to-r from-primary/20 via-accent/20 to-primary/20 rounded-3xl blur-xl opacity-50 group-hover:opacity-75 transition-opacity duration-500"[39m
            [36m/>[39m
            [36m<div[39m
              [33mclass[39m=[32m"relative bg-card rounded-2xl shadow-xl border border-border/50 overflow-hidden"[39m
            [36m>[39m
              [36m<div[39m
                [33mclass[39m=[32m"h-1 bg-gradient-to-r from-primary via-accent to-primary"[39m
              [36m/>[39m
              [36m<div[39m
                [33mclass[39m=[32m"p-6"[39m
              [36m>[39m
                [36m<div[39m
                  [33mclass[39m=[32m"flex justify-between items-center mb-5"[39m
                [36m>[39m
                  [36m<span[39m
                    [33mclass[39m=[32m"text-xs font-bold uppercase tracking-widest text-muted-foreground"[39m
                  [36m>[39m
                    [0mFeatured[0m
                  [36m</span>[39m
                  [36m<span[39m
                    [33mclass[39m=[32m"flex items-center gap-1.5 text-success bg-success/10 px-2.5 py-1 rounded-full text-xs font-bold ring-1 ring-inset ring-success/20"[39m
                  [36m>[39m
                    [36m<span[39m
                      [33mclass[39m=[32m"relative flex h-1.5 w-1.5"[39m
                    [36m>[39m
                      [36m<span[39m
                        [33mclass[39m=[32m"animate-ping absolute inline-flex h-full w-full rounded-full bg-success opacity-75"[39m
                      [36m/>[39m
                      [36m<span[39m
                        [33mclass[39m=[32m"relative inline-flex rounded-full h-1.5 w-1.5 bg-success"[39m
                      [36m/>[39m
                    [36m</span>[39m
                    [0mLIVE[0m
                  [36m</span>[39m
                [36m</div>[39m
                [36m<div[39m
                  [33mclass[39m=[32m"space-y-4"[39m
                [36m>[39m
                  [36m<div>[39m
                    [36m<h3[39m
                      [33mclass[39m=[32m"text-xl font-bold text-foreground line-clamp-1 group-hover:text-primary transition-colors"[39m
                    [36m>[39m
                      [0mShort Wait Hospital[0m
                    [36m</h3>[39m
                    [36m<div[39m
                      [33mclass[39m=[32m"flex items-center gap-2 text-sm mt-0.5"[39m
                    [36m>[39m
                      [36m<span[39m
                        [33mclass[39m=[32m"text-muted-foreground"[39m
                      [36m>[39m
                        [0mCity B[0m
                        [0m, [0m
                        [0mON[0m
                      [36m</span>[39m
                    [36m</div>[39m
                  [36m</div>[39m
                  [36m<div[39m
                    [33mclass[39m=[32m"flex items-baseline gap-2"[39m
                  [36m>[39m
                    [36m<span[39m
                      [33mclass[39m=[32m"text-5xl font-black text-foreground tracking-tight tabular-nums"[39m
                    [36m>[39m
                      [0m30[0m
                    [36m</span>[39m
                    [36m<span[39m
                      [33mclass[39m=[32m"text-xl font-medium text-muted-foreground"[39m
                    [36m>[39m
                      [0mmin[0m
                    [36m</span>[39m
                  [36m</div>[39m
                  [36m<div[39m
                    [33mclass[39m=[32m"pt-4 border-t border-border/50"[39m
                  [36m>[39m
                    [36m<div[39m
                      [33mclass[39m=[32m"flex items-center justify-between text-xs text-muted-foreground"[39m
                    [36m>[39m
                      [36m<span[39m
                        [33mclass[39m=[32m"flex items-center gap-1.5"[39m
                      [36m>[39m
                        [36m<span[39m
                          [33mclass[39m=[32m"w-1 h-1 rounded-full bg-success"[39m
                        [36m/>[39m
                        [0mP90 Performance[0m
                      [36m</span>[39m
                      [36m<span>[39m
                        [0mUpdated just now[0m
                      [36m</span>[39m
                    [36m</div>[39m
                  [36m</div>[39m
                [36m</div>[39m
              [36m</div>[39m
            [36m</div>[39m
          [36m</div>[39m
        [36m</div>[39m
      [36m</div>[39m
    [36m</section>[39m
  [36m</div>[39m
[36m</body>[39m
 ✓ tests/components/EmergencyBanner.test.tsx  (2 tests) 520ms
 ✓ tests/components/ExpandedCardDetails.test.tsx  (5 tests) 407ms
 ✓ tests/components/Map.test.tsx  (8 tests) 709ms
 ✓ tests/components/HospitalList.test.tsx  (7 tests) 690ms
 ✓ tests/pages/admin/verify.test.tsx  (8 tests) 1122ms
 ✓ tests/components/ComparisonModal.test.tsx  (14 tests) 1244ms
 ✓ tests/components/methods/ComparabilityMatrix.test.tsx  (12 tests) 1188ms
 ❯ tests/e2e/split-view.spec.ts  (0 test)
 ❯ tests/e2e/trends.spec.ts  (0 test)
 ❯ tests/e2e/phase1.spec.ts  (0 test)
 ❯ tests/e2e/hero.spec.ts  (0 test)
 ❯ tests/e2e/map.spec.ts  (0 test)
 ❯ tests/e2e/admin.spec.ts  (0 test)

⎯⎯⎯⎯⎯⎯ Failed Suites 6 ⎯⎯⎯⎯⎯⎯⎯

 FAIL  tests/e2e/admin.spec.ts [ tests/e2e/admin.spec.ts ]
Error: Playwright Test did not expect test.describe() to be called here.
Most common reasons include:
- You are calling test.describe() in a configuration file.
- You are calling test.describe() in a file that is imported by the configuration file.
- You have two different versions of @playwright/test. This usually happens
  when one of the dependencies in your package.json depends on @playwright/test.
 ❯ TestTypeImpl._currentSuite node_modules/playwright/lib/common/testType.js:75:13
 ❯ TestTypeImpl._describe node_modules/playwright/lib/common/testType.js:115:24
 ❯ Function.describe node_modules/playwright/lib/transform/transform.js:282:12
 ❯ tests/e2e/admin.spec.ts:3:6
      1| import { test, expect } from '@playwright/test';
      2| 
      3| test.describe('Admin Verification Queue', () => {
       |      ^
      4|   test('should show empty state when no hospitals pending', async ({ p…
      5|     await page.route('**/api/admin/hospitals/unverified', async (route…

⎯⎯⎯⎯⎯⎯⎯⎯⎯⎯⎯⎯⎯⎯⎯⎯⎯⎯⎯⎯⎯⎯⎯⎯[1/7]⎯

 FAIL  tests/e2e/hero.spec.ts [ tests/e2e/hero.spec.ts ]
Error: Playwright Test did not expect test.describe() to be called here.
Most common reasons include:
- You are calling test.describe() in a configuration file.
- You are calling test.describe() in a file that is imported by the configuration file.
- You have two different versions of @playwright/test. This usually happens
  when one of the dependencies in your package.json depends on @playwright/test.
 ❯ TestTypeImpl._currentSuite node_modules/playwright/lib/common/testType.js:75:13
 ❯ TestTypeImpl._describe node_modules/playwright/lib/common/testType.js:115:24
 ❯ Function.describe node_modules/playwright/lib/transform/transform.js:282:12
 ❯ tests/e2e/hero.spec.ts:3:6
      1| import { test, expect } from "@playwright/test";
      2| 
      3| test.describe("Hero Section & User Flow", () => {
       |      ^
      4|   test("shows hero and dimisses on explore", async ({ page }) => {
      5|     await page.goto("/");

⎯⎯⎯⎯⎯⎯⎯⎯⎯⎯⎯⎯⎯⎯⎯⎯⎯⎯⎯⎯⎯⎯⎯⎯[2/7]⎯

 FAIL  tests/e2e/map.spec.ts [ tests/e2e/map.spec.ts ]
Error: Playwright Test did not expect test.describe() to be called here.
Most common reasons include:
- You are calling test.describe() in a configuration file.
- You are calling test.describe() in a file that is imported by the configuration file.
- You have two different versions of @playwright/test. This usually happens
  when one of the dependencies in your package.json depends on @playwright/test.
 ❯ TestTypeImpl._currentSuite node_modules/playwright/lib/common/testType.js:75:13
 ❯ TestTypeImpl._describe node_modules/playwright/lib/common/testType.js:115:24
 ❯ Function.describe node_modules/playwright/lib/transform/transform.js:282:12
 ❯ tests/e2e/map.spec.ts:3:6
      1| import { test, expect } from '@playwright/test';
      2| 
      3| test.describe('Hospital Map', () => {
       |      ^
      4|   test.beforeEach(async ({ page }) => {
      5|     // Mock the hospitals API

⎯⎯⎯⎯⎯⎯⎯⎯⎯⎯⎯⎯⎯⎯⎯⎯⎯⎯⎯⎯⎯⎯⎯⎯[3/7]⎯

 FAIL  tests/e2e/phase1.spec.ts [ tests/e2e/phase1.spec.ts ]
Error: Playwright Test did not expect test.describe() to be called here.
Most common reasons include:
- You are calling test.describe() in a configuration file.
- You are calling test.describe() in a file that is imported by the configuration file.
- You have two different versions of @playwright/test. This usually happens
  when one of the dependencies in your package.json depends on @playwright/test.
 ❯ TestTypeImpl._currentSuite node_modules/playwright/lib/common/testType.js:75:13
 ❯ TestTypeImpl._describe node_modules/playwright/lib/common/testType.js:115:24
 ❯ Function.describe node_modules/playwright/lib/transform/transform.js:282:12
 ❯ tests/e2e/phase1.spec.ts:3:6
      1| import { test, expect } from "@playwright/test";
      2| 
      3| test.describe("Phase 1 Features", () => {
       |      ^
      4|   test.describe("Emergency Banner", () => {
      5|     test("is visible on page load", async ({ page }) => {

⎯⎯⎯⎯⎯⎯⎯⎯⎯⎯⎯⎯⎯⎯⎯⎯⎯⎯⎯⎯⎯⎯⎯⎯[4/7]⎯

 FAIL  tests/e2e/split-view.spec.ts [ tests/e2e/split-view.spec.ts ]
Error: Playwright Test did not expect test.describe() to be called here.
Most common reasons include:
- You are calling test.describe() in a configuration file.
- You are calling test.describe() in a file that is imported by the configuration file.
- You have two different versions of @playwright/test. This usually happens
  when one of the dependencies in your package.json depends on @playwright/test.
 ❯ TestTypeImpl._currentSuite node_modules/playwright/lib/common/testType.js:75:13
 ❯ TestTypeImpl._describe node_modules/playwright/lib/common/testType.js:115:24
 ❯ Function.describe node_modules/playwright/lib/transform/transform.js:282:12
 ❯ tests/e2e/split-view.spec.ts:3:6
      1| import { test, expect } from "@playwright/test";
      2| 
      3| test.describe("Split View Layout", () => {
       |      ^
      4|   test("toggles between views", async ({ page }) => {
      5|     await page.goto("/");

⎯⎯⎯⎯⎯⎯⎯⎯⎯⎯⎯⎯⎯⎯⎯⎯⎯⎯⎯⎯⎯⎯⎯⎯[5/7]⎯

 FAIL  tests/e2e/trends.spec.ts [ tests/e2e/trends.spec.ts ]
Error: Playwright Test did not expect test.describe() to be called here.
Most common reasons include:
- You are calling test.describe() in a configuration file.
- You are calling test.describe() in a file that is imported by the configuration file.
- You have two different versions of @playwright/test. This usually happens
  when one of the dependencies in your package.json depends on @playwright/test.
 ❯ TestTypeImpl._currentSuite node_modules/playwright/lib/common/testType.js:75:13
 ❯ TestTypeImpl._describe node_modules/playwright/lib/common/testType.js:115:24
 ❯ Function.describe node_modules/playwright/lib/transform/transform.js:282:12
 ❯ tests/e2e/trends.spec.ts:3:6
      1| import { test, expect } from "@playwright/test";
      2| 
      3| test.describe("Trend Charts", () => {
       |      ^
      4|   test("chart appears in hospital popup", async ({ page }) => {
      5|     // Mock API

⎯⎯⎯⎯⎯⎯⎯⎯⎯⎯⎯⎯⎯⎯⎯⎯⎯⎯⎯⎯⎯⎯⎯⎯[6/7]⎯

⎯⎯⎯⎯⎯⎯⎯ Failed Tests 1 ⎯⎯⎯⎯⎯⎯⎯

 FAIL  tests/components/Hero.test.tsx > Hero Component > renders correctly
TestingLibraryElementError: Unable to find an element with the text: /Wait Time Observatory/i. This could be because the text is broken up by multiple elements. In this case, you can provide a function for your text matcher to make your matcher more flexible.

Ignored nodes: comments, script, style
[36m<body>[39m
  [36m<div>[39m
    [36m<section[39m
      [33mclass[39m=[32m"relative py-12 px-4 md:py-16 lg:py-20 overflow-hidden bg-gradient-to-b from-muted/40 via-muted/20 to-transparent"[39m
    [36m>[39m
      [36m<div[39m
        [33mclass[39m=[32m"absolute inset-0 overflow-hidden pointer-events-none"[39m
      [36m>[39m
        [36m<div[39m
          [33mclass[39m=[32m"absolute top-0 left-1/4 w-96 h-96 bg-primary/5 rounded-full blur-3xl"[39m
        [36m/>[39m
        [36m<div[39m
          [33mclass[39m=[32m"absolute bottom-0 right-1/4 w-96 h-96 bg-accent/5 rounded-full blur-3xl"[39m
        [36m/>[39m
      [36m</div>[39m
      [36m<div[39m
        [33mclass[39m=[32m"container max-w-6xl mx-auto flex flex-col lg:flex-row items-center gap-10 lg:gap-16 relative"[39m
      [36m>[39m
        [36m<div[39m
          [33mclass[39m=[32m"flex-1 text-center lg:text-left space-y-6"[39m
        [36m>[39m
          [36m<div[39m
            [33mclass[39m=[32m"inline-flex items-center gap-2 px-4 py-1.5 rounded-full bg-primary/10 text-primary text-sm font-semibold animate-in fade-in slide-in-from-bottom-4 duration-700 border border-primary/20"[39m
          [36m>[39m
            [36m<span[39m
              [33mclass[39m=[32m"relative flex h-2 w-2"[39m
            [36m>[39m
              [36m<span[39m
                [33mclass[39m=[32m"animate-ping absolute inline-flex h-full w-full rounded-full bg-primary opacity-75"[39m
              [36m/>[39m
              [36m<span[39m
                [33mclass[39m=[32m"relative inline-flex rounded-full h-2 w-2 bg-primary"[39m
              [36m/>[39m
            [36m</span>[39m
            [0mReal-Time Ontario ER Data[0m
          [36m</div>[39m
          [36m<h1[39m
            [33mclass[39m=[32m"text-4xl md:text-5xl lg:text-6xl font-bold tracking-tight text-foreground animate-in fade-in slide-in-from-bottom-5 duration-700 delay-100"[39m
          [36m>[39m
            [0mOntario [0m
            [36m<span[39m
              [33mclass[39m=[32m"text-primary"[39m
            [36m>[39m
              [0mER Wait Time[0m
            [36m</span>[39m
            [0m [0m
            [36m<br />[39m
            [0mObservatory[0m
          [36m</h1>[39m
          [36m<p[39m
            [33mclass[39m=[32m"text-lg md:text-xl text-muted-foreground max-w-2xl mx-auto lg:mx-0 animate-in fade-in slide-in-from-bottom-6 duration-700 delay-200 leading-relaxed"[39m
          [36m>[39m
            [0mExplore publicly reported wait time data from official provincial sources. Browse [0m
            [36m<strong[39m
              [33mclass[39m=[32m"text-foreground"[39m
            [36m>[39m
              [0m3[0m
            [36m</strong>[39m
            [0m Ontario hospitals and compare methodologies.[0m
          [36m</p>[39m
          [36m<div[39m
            [33mclass[39m=[32m"flex flex-col sm:flex-row items-center gap-4 justify-center lg:justify-start animate-in fade-in slide-in-from-bottom-7 duration-700 delay-300"[39m
          [36m>[39m
            [36m<button[39m
              [33mclass[39m=[32m"group px-8 py-3.5 bg-primary text-primary-foreground rounded-full font-semibold shadow-lg shadow-primary/25 hover:shadow-xl hover:shadow-primary/30 hover:bg-primary-hover hover:scale-[1.02] transition-all duration-200 active:scale-[0.98]"[39m
            [36m>[39m
              [36m<span[39m
                [33mclass[39m=[32m"flex items-center gap-2"[39m
              [36m>[39m
                [0mExplore Hospitals[0m
                [36m<svg[39m
                  [33mclass[39m=[32m"w-5 h-5 group-hover:translate-x-0.5 transition-transform"[39m
                  [33mfill[39m=[32m"none"[39m
                  [33mstroke[39m=[32m"currentColor"[39m
                  [33mviewBox[39m=[32m"0 0 24 24"[39m
                [36m>[39m
                  [36m<path[39m
                    [33md[39m=[32m"M17 8l4 4m0 0l-4 4m4-4H3"[39m
                    [33mstroke-linecap[39m=[32m"round"[39m
                    [33mstroke-linejoin[39m=[32m"round"[39m
                    [33mstroke-width[39m=[32m"2"[39m
                  [36m/>[39m
                [36m</svg>[39m
              [36m</span>[39m
            [36m</button>[39m
            [36m<a[39m
              [33mclass[39m=[32m"text-muted-foreground hover:text-foreground font-medium flex items-center gap-1.5 transition-colors"[39m
              [33mhref[39m=[32m"/methods"[39m
            [36m>[39m
              [0mUnderstand Methodologies[0m
              [36m<svg[39m
                [33mclass[39m=[32m"w-4 h-4"[39m
                [33mfill[39m=[32m"none"[39m
                [33mstroke[39m=[32m"currentColor"[39m
                [33mviewBox[39m=[32m"0 0 24 24"[39m
              [36m>[39m
                [36m<path[39m
                  [33md[39m=[32m"M9 5l7 7-7 7"[39m
                  [33mstroke-linecap[39m=[32m"round"[39m
                  [33mstroke-linejoin[39m=[32m"round"[39m
                  [33mstroke-width[39m=[32m"2"[39m
                [36m/>[39m
              [36m</svg>[39m
            [36m</a>[39m
          [36m</div>[39m
        [36m</div>[39m
        [36m<div[39m
          [33mclass[39m=[32m"w-full max-w-sm lg:w-[380px] animate-in fade-in slide-in-from-right-8 duration-1000 delay-200"[39m
        [36m>[39m
          [36m<div[39m
            [33mclass[39m=[32m"relative group"[39m
          [36m>[39m
            [36m<div[39m
              [33mclass[39m=[32m"absolute -inset-1 bg-gradient-to-r from-primary/20 via-accent/20 to-primary/20 rounded-3xl blur-xl opacity-50 group-hover:opacity-75 transition-opacity duration-500"[39m
            [36m/>[39m
            [36m<div[39m
              [33mclass[39m=[32m"relative bg-card rounded-2xl shadow-xl border border-border/50 overflow-hidden"[39m
            [36m>[39m
              [36m<div[39m
                [33mclass[39m=[32m"h-1 bg-gradient-to-r from-primary via-accent to-primary"[39m
              [36m/>[39m
              [36m<div[39m
                [33mclass[39m=[32m"p-6"[39m
              [36m>[39m
                [36m<div[39m
                  [33mclass[39m=[32m"flex justify-between items-center mb-5"[39m
                [36m>[39m
                  [36m<span[39m
                    [33mclass[39m=[32m"text-xs font-bold uppercase tracking-widest text-muted-foreground"[39m
                  [36m>[39m
                    [0mFeatured[0m
                  [36m</span>[39m
                  [36m<span[39m
                    [33mclass[39m=[32m"flex items-center gap-1.5 text-success bg-success/10 px-2.5 py-1 rounded-full text-xs font-bold ring-1 ring-inset ring-success/20"[39m
                  [36m>[39m
                    [36m<span[39m
                      [33mclass[39m=[32m"relative flex h-1.5 w-1.5"[39m
                    [36m>[39m
                      [36m<span[39m
                        [33mclass[39m=[32m"animate-ping absolute inline-flex h-full w-full rounded-full bg-success opacity-75"[39m
                      [36m/>[39m
                      [36m<span[39m
                        [33mclass[39m=[32m"relative inline-flex rounded-full h-1.5 w-1.5 bg-success"[39m
                      [36m/>[39m
                    [36m</span>[39m
                    [0mLIVE[0m
                  [36m</span>[39m
                [36m</div>[39m
                [36m<div[39m
                  [33mclass[39m=[32m"space-y-4"[39m
                [36m>[39m
                  [36m<div>[39m
                    [36m<h3[39m
                      [33mclass[39m=[32m"text-xl font-bold text-foreground line-clamp-1 group-hover:text-primary transition-colors"[39m
                    [36m>[39m
                      [0mShort Wait Hospital[0m
                    [36m</h3>[39m
                    [36m<div[39m
                      [33mclass[39m=[32m"flex items-center gap-2 text-sm mt-0.5"[39m
                    [36m>[39m
                      [36m<span[39m
                        [33mclass[39m=[32m"text-muted-foreground"[39m
                      [36m>[39m
                        [0mCity B[0m
                        [0m, [0m
                        [0mON[0m
                      [36m</span>[39m
                    [36m</div>[39m
                  [36m</div>[39m
                  [36m<div[39m
                    [33mclass[39m=[32m"flex items-baseline gap-2"[39m
                  [36m>[39m
                    [36m<span[39m
                      [33mclass[39m=[32m"text-5xl font-black text-foreground tracking-tight tabular-nums"[39m
                    [36m>[39m
                      [0m30[0m
                    [36m</span>[39m
                    [36m<span[39m
                      [33mclass[39m=[32m"text-xl font-medium text-muted-foreground"[39m
                    [36m>[39m
                      [0mmin[0m
                    [36m</span>[39m
                  [36m</div>[39m
                  [36m<div[39m
                    [33mclass[39m=[32m"pt-4 border-t border-border/50"[39m
                  [36m>[39m
                    [36m<div[39m
                      [33mclass[39m=[32m"flex items-center justify-between text-xs text-muted-foreground"[39m
                    [36m>[39m
                      [36m<span[39m
                        [33mclass[39m=[32m"flex items-center gap-1.5"[39m
                      [36m>[39m
                        [36m<span[39m
                          [33mclass[39m=[32m"w-1 h-1 rounded-full bg-success"[39m
                        [36m/>[39m
                        [0mP90 Performance[0m
                      [36m</span>[39m
                      [36m<span>[39m
                        [0mUpdated just now[0m
                      [36m</span>[39m
                    [36m</div>[39m
                  [36m</div>[39m
                [36m</div>[39m
              [36m</div>[39m
            [36m</div>[39m
          [36m</div>[39m
        [36m</div>[39m
      [36m</div>[39m
    [36m</section>[39m
  [36m</div>[39m
[36m</body>[39m
 ❯ Object.getElementError node_modules/@testing-library/dom/dist/config.js:37:19
 ❯ node_modules/@testing-library/dom/dist/query-helpers.js:76:38
 ❯ node_modules/@testing-library/dom/dist/query-helpers.js:52:17
 ❯ node_modules/@testing-library/dom/dist/query-helpers.js:95:19
 ❯ tests/components/Hero.test.tsx:49:19
     47|     render(<Hero hospitals={mockHospitals} onExplore={() => {}} />);
     48|     expect(screen.getByText(/Ontario ER/i)).toBeInTheDocument();
     49|     expect(screen.getByText(/Wait Time Observatory/i)).toBeInTheDocume…
       |                   ^
     50|   });
     51| 

⎯⎯⎯⎯⎯⎯⎯⎯⎯⎯⎯⎯⎯⎯⎯⎯⎯⎯⎯⎯⎯⎯⎯⎯[7/7]⎯

 Test Files  7 failed | 21 passed (28)
      Tests  1 failed | 126 passed (127)
   Start at  18:32:43
   Duration  9.77s (transform 3.73s, setup 14.36s, collect 6.96s, tests 7.52s, environment 86.05s, prepare 28.30s)

